../Core/Src/LTC6813.c:6:6:LTC6813_init_reg_limits	24	static
../Core/Src/LTC6813.c:26:6:LTC6813_wrcfg	24	static
../Core/Src/LTC6813.c:39:6:LTC6813_wrcfgb	24	static
../Core/Src/LTC6813.c:48:8:LTC6813_rdcfg	32	static
../Core/Src/LTC6813.c:59:8:LTC6813_rdcfgb	32	static
../Core/Src/LTC6813.c:70:6:LTC6813_adcv	16	static
../Core/Src/LTC6813.c:80:6:LTC6813_adax	16	static
../Core/Src/LTC6813.c:89:6:LTC6813_adstat	16	static
../Core/Src/LTC6813.c:98:6:LTC6813_adcvax	16	static
../Core/Src/LTC6813.c:107:6:LTC6813_adcvsc	16	static
../Core/Src/LTC6813.c:116:9:LTC6813_rdcv	32	static
../Core/Src/LTC6813.c:132:8:LTC6813_rdaux	32	static
../Core/Src/LTC6813.c:149:8:LTC6813_rdstat	32	static
../Core/Src/LTC6813.c:161:9:LTC6813_pladc	16	static
../Core/Src/LTC6813.c:167:10:LTC6813_pollAdc	16	static
../Core/Src/LTC6813.c:177:6:LTC6813_clrcell	16	static
../Core/Src/LTC6813.c:187:6:LTC6813_clraux	16	static
../Core/Src/LTC6813.c:197:6:LTC6813_clrstat	16	static
../Core/Src/LTC6813.c:203:6:LTC6813_diagn	16	static
../Core/Src/LTC6813.c:209:6:LTC6813_cvst	16	static
../Core/Src/LTC6813.c:218:6:LTC6813_axst	16	static
../Core/Src/LTC6813.c:227:6:LTC6813_statst	16	static
../Core/Src/LTC6813.c:236:6:LTC6813_adol	16	static
../Core/Src/LTC6813.c:245:6:LTC6813_adaxd	16	static
../Core/Src/LTC6813.c:254:6:LTC6813_adstatd	16	static
../Core/Src/LTC6813.c:263:9:LTC6813_run_cell_adc_st	32	static
../Core/Src/LTC6813.c:277:10:LTC6813_run_adc_overlap	48	static
../Core/Src/LTC6813.c:312:9:LTC6813_run_adc_redundancy_st	32	static
../Core/Src/LTC6813.c:325:6:LTC6813_adow	32	static
../Core/Src/LTC6813.c:336:6:LTC6813_axow	16	static
../Core/Src/LTC6813.c:345:6:LTC6813_run_openwire_single	24	static
../Core/Src/LTC6813.c:354:6:LTC6813_run_openwire_multi	24	static
../Core/Src/LTC6813.c:363:6:LTC6813_run_gpio_openwire	24	static
../Core/Src/LTC6813.c:372:6:LTC6813_set_discharge	32	static
../Core/Src/LTC6813.c:407:6:LTC6813_clear_discharge	16	static
../Core/Src/LTC6813.c:415:6:LTC6813_wrpwm	24	static
../Core/Src/LTC6813.c:425:8:LTC6813_rdpwm	32	static
../Core/Src/LTC6813.c:437:6:LTC6813_wrsctrl	24	static
../Core/Src/LTC6813.c:447:8:LTC6813_rdsctrl	24	static
../Core/Src/LTC6813.c:460:6:LTC6813_stsctrl	16	static
../Core/Src/LTC6813.c:470:6:LTC6813_clrsctrl	16	static
../Core/Src/LTC6813.c:476:6:LTC6813_wrpsb	296	static
../Core/Src/LTC6813.c:503:9:LTC6813_rdpsb	320	static
../Core/Src/LTC6813.c:557:6:LTC6813_wrcomm	24	static
../Core/Src/LTC6813.c:566:8:LTC6813_rdcomm	32	static
../Core/Src/LTC6813.c:577:6:LTC6813_stcomm	16	static
../Core/Src/LTC6813.c:583:6:LTC6813_mute	24	static
../Core/Src/LTC6813.c:593:6:LTC6813_unmute	24	static
../Core/Src/LTC6813.c:603:6:LTC6813_check_pec	16	static
../Core/Src/LTC6813.c:612:6:LTC6813_reset_crc_count	16	static
../Core/Src/LTC6813.c:620:6:LTC6813_init_cfg	16	static
../Core/Src/LTC6813.c:626:6:LTC6813_set_cfgr	16	static
../Core/Src/LTC6813.c:638:6:LTC6813_set_cfgr_refon	16	static
../Core/Src/LTC6813.c:644:6:LTC6813_set_cfgr_adcopt	16	static
../Core/Src/LTC6813.c:650:6:LTC6813_set_cfgr_gpio	24	static
../Core/Src/LTC6813.c:656:6:LTC6813_set_cfgr_dis	24	static
../Core/Src/LTC6813.c:662:6:LTC6813_set_cfgr_uv	16	static
../Core/Src/LTC6813.c:668:6:LTC6813_set_cfgr_dcto	24	static
../Core/Src/LTC6813.c:674:6:LTC6813_set_cfgr_ov	16	static
../Core/Src/LTC6813.c:680:6:LTC6813_init_cfgb	24	static
../Core/Src/LTC6813.c:693:6:LTC6813_set_cfgrb_fdrf	16	static
../Core/Src/LTC6813.c:700:6:LTC6813_set_cfgrb_dtmen	16	static
../Core/Src/LTC6813.c:707:6:LTC6813_set_cfgrb_ps	32	static
../Core/Src/LTC6813.c:717:6:LTC6813_set_cfgrb_gpio_b	32	static
../Core/Src/LTC6813.c:727:6:LTC6813_set_cfgrb_dcc_b	32	static
../Core/Src/LTC6813.c:751:6:LTC6813_set_cfgrb	16	static
